{
    "other": {
        "title": "President Trump hits back at Jay-Z over 'superbug' comments - BBC News",
        "description": "The US president takes to Twitter after the rapper denounces him in an interview as a \"superbug\".",
        "preload": "//fig.bbc.co.uk/frameworks/fig/1/fig.js",
        "preconnect": "//ichef.bbci.co.uk",
        "dnsPrefetch": "//ichef.bbci.co.uk/",
        "xCountry": "gb",
        "xAudience": "Domestic",
        "cpsAudience": "Domestic",
        "cpsChangequeueid": "115169121",
        "canonical": "https://www.bbc.co.uk/news/world-us-canada-42853225",
        "amphtml": "https://www.bbc.co.uk/news/amp/world-us-canada-42853225",
        "alternate": "https://www.bbc.com/news/world-us-canada-42853225",
        "articleAuthor": "https://www.facebook.com/bbcnews",
        "articleSection": "US & Canada",
        "ogImage": [
            {
                "alt": "BBC News. Donald Trump and Jay-Z"
            }
        ],
        "fbPages": "1143803202301544,317278538359186,1392506827668140,742734325867560,185246968166196,156060587793370,137920769558355,193435954068976,21263239760,156400551056385,929399697073756,154344434967,228735667216,80758950658,260212261199,294662213128,1086451581439054,283348121682053,295830058648,239931389545417,304314573046,310719525611571,647687225371774,1159932557403143,286567251709437,1731770190373618,125309456546,163571453661989,285361880228,512423982152360,238003846549831,176663550714,260967092113,118450564909230,100978706649892,15286229625,122103087870579,120655094632228,102814153147070,124715648647,153132638110668,150467675018739",
        "twitterDomain": "www.bbc.co.uk",
        "appleMobileWebAppTitle": "BBC News",
        "appleTouchIconPrecomposed": "https://static.bbc.co.uk/news/1.246.02761/apple-touch-icon.png",
        "appleTouchIcon": "https://static.bbc.co.uk/news/1.246.02761/apple-touch-icon.png",
        "appleTouchStartupImage": "https://static.bbc.co.uk/news/1.246.02761/web-app-launch-icon.png",
        "applicationName": "BBC News",
        "msapplicationTileImage": "BBC News",
        "msapplicationTileColor": "#bb1919",
        "mobileWebAppCapable": "yes",
        "robots": "NOODP,NOYDIR",
        "themeColor": "#bb1919",
        "fbAppId": "1609039196070050",
        "viewport": "width=device-width, initial-scale=1, user-scalable=1",
        "fbAdmins": "100004154058350",
        "stylesheet": "https://static.bbc.co.uk/news/1.246.02761/icons/generated/icons.fallback.css"
    },
    "ogp": {
        "ogTitle": "Why Trump is feuding with Jay-Z",
        "ogType": "article",
        "ogDescription": "The US president takes to Twitter after the rapper denounces him in an interview as a \"superbug\".",
        "ogSiteName": "BBC News",
        "ogLocale": "en_GB",
        "ogUrl": "https://www.bbc.co.uk/news/world-us-canada-42853225",
        "ogImage": [
            {
                "url": "https://ichef.bbci.co.uk/news/1024/branded_news/16651/production/_99792719_trump_jay_z_getty.jpg"
            }
        ]
    },
    "twitter": {
        "twitterCard": "summary_large_image",
        "twitterSite": "@BBCNews",
        "twitterTitle": "Why Trump is feuding with Jay-Z",
        "twitterDescription": "The US president takes to Twitter after the rapper denounces him in an interview as a \"superbug\".",
        "twitterCreator": "@BBCNews",
        "twitterImage": [
            {
                "src": "https://ichef.bbci.co.uk/news/1024/branded_news/16651/production/_99792719_trump_jay_z_getty.jpg",
                "alt": "Donald Trump and Jay-Z"
            }
        ]
    }
}