{
    "other": {
        "stylesheet": "//s.imgur.com/min/gallery.css?1530039622",
        "title": "                        \n        \n    \n\n    Welcome our new puppy! - Album on Imgur",
        "viewport": "width=1138",
        "robots": "follow, index",
        "keywords": "images, photos, gif, gifs, memes, pictures, new pictures, reaction gifs, share photos, share images, latest images, funny, cute, visual storytelling, imgur",
        "description": "Post with 96 votes and 4756 views. Tagged with dogs, puppy, puppies; Shared by Squidgymon. Welcome our new puppy!",
        "copyright": "Copyright 2018 Imgur, Inc.",
        "icon": "//s.imgur.com/images/favicon-16x16.png",
        "appleTouchIconPrecomposed": "//s.imgur.com/images/favicon-152.png",
        "msapplicationTileColor": "#2cd63c",
        "msapplicationTileImage": "//s.imgur.com/images/favicon-144.png",
        "alternate": "https://m.imgur.com/gallery/QqHYV",
        "canonical": "https://imgur.com/gallery/QqHYV",
        "pDomainVerify": "834554521765408b9effdc758b69c5ee",
        "fbAdmins": "12301369",
        "fbAppId": "127621437303857",
        "alAndroidUrl": "imgur://imgur.com/t/dogs/QqHYV?from=fbreferral",
        "alAndroidAppName": "Imgur",
        "alAndroidPackage": "com.imgur.mobile",
        "alIosUrl": "imgur://imgur.com/t/dogs/QqHYV?from=fbreferral",
        "alIosAppStoreId": "639881495",
        "alIosAppName": "Imgur",
        "alWebUrl": "https://imgur.com/t/dogs/QqHYV",
        "twitterDomain": "imgur.com",
        "author": "Imgur",
        "articleAuthor": "Imgur",
        "articlePublisher": "https://www.facebook.com/imgur",
        "imageSrc": "https://i.imgur.com/FmvE3Do.jpg"
    },
    "oembed": {},
    "ogp": {
        "ogUrl": "https://imgur.com/gallery/QqHYV",
        "ogSiteName": "Imgur",
        "ogTitle": "Welcome our new puppy!",
        "ogType": "article",
        "ogImage": [
            {
                "url": "https://i.imgur.com/FmvE3Do.jpg?fb",
                "width": "600",
                "height": "315"
            }
        ],
        "ogDescription": "Imgur: The magic of the Internet"
    },
    "twitter": {
        "twitterSite": "@imgur",
        "twitterAppIdGoogleplay": "com.imgur.mobile",
        "twitterTitle": "Welcome our new puppy!",
        "twitterCard": "summary_large_image",
        "twitterImage": [
            {
                "url": "https://i.imgur.com/FmvE3Doh.jpg"
            }
        ],
        "twitterDescription": "Imgur: The magic of the Internet"
    }
}