{
    "other": {
        "viewport": "width=device-width, initial-scale=1.0, viewport-fit=contain",
        "title": "Modern Software Over-Engineering Mistakes – RDX – Medium",
        "canonical": "https://medium.com/@rdsubhas/10-modern-software-engineering-mistakes-bc67fbef4fc8",
        "referrer": "unsafe-url",
        "description": "Few things are guaranteed to increase all the time: Distance between stars, Entropy in the visible universe, and Fucking business requirements . Many articles say Dont over-engineer but don’t say why…",
        "themeColor": "#000000",
        "fbAppId": "542599432471018",
        "publisher": "https://plus.google.com/103654360130207659246",
        "author": "RDX",
        "articlePublisher": "https://www.facebook.com/medium",
        "articleAuthor": "https://medium.com/@rdsubhas",
        "robots": "index, follow",
        "articlePublishedTime": "2016-07-20T23:13:57.730Z",
        "alIosAppName": "Medium",
        "alIosAppStoreId": "828256236",
        "alAndroidPackage": "com.medium.reader",
        "alAndroidAppName": "Medium",
        "alIosUrl": "medium://p/bc67fbef4fc8",
        "alAndroidUrl": "medium://p/bc67fbef4fc8",
        "alWebUrl": "https://medium.com/@rdsubhas/10-modern-software-engineering-mistakes-bc67fbef4fc8",
        "search": "/osd.xml",
        "alternate": "android-app://com.medium.reader/https/medium.com/p/bc67fbef4fc8",
        "stylesheet": "https://cdn-static-1.medium.com/_/fp/css/main-branding-base.F2ZdndGPgBD_yjyHnWz5aw.css",
        "icon": "https://cdn-static-1.medium.com/_/fp/icons/favicon-rebrand-medium.3Y6xpZ-0FSdWDnPM3hSBIA.ico",
        "appleTouchIcon": "https://cdn-images-1.medium.com/fit/c/120/120/1*8I-HPL0bfoIzGied-dzOvA.png",
        "maskIcon": "https://cdn-static-1.medium.com/_/fp/icons/monogram-mask.KPLCSFEZviQN0jQ7veN2RQ.svg"
    },
    "ogp": {
        "ogTitle": "Modern Software Over-Engineering Mistakes – RDX – Medium",
        "ogUrl": "https://medium.com/@rdsubhas/10-modern-software-engineering-mistakes-bc67fbef4fc8",
        "ogImage": [
            {
                "url": "https://cdn-images-1.medium.com/max/1200/1*qF9NY-utSWs7zPJ4oSs5hg.png"
            }
        ],
        "ogDescription": "Few things are guaranteed to increase all the time: Distance between stars, Entropy in the visible universe, and Fucking business…",
        "ogType": "article",
        "ogSiteName": "Medium"
    },
    "twitter": {
        "twitterDescription": "Few things are guaranteed to increase all the time: Distance between stars, Entropy in the visible universe, and Fucking business…",
        "twitterImage": [
            {
                "src": "https://cdn-images-1.medium.com/max/1200/1*qF9NY-utSWs7zPJ4oSs5hg.png"
            }
        ],
        "twitterCard": "summary_large_image",
        "twitterCreator": "@rdsubhas",
        "twitterSite": "@Medium",
        "twitterLabel1": "Reading time",
        "twitterData1": "11 min read",
        "twitterAppNameIphone": "Medium",
        "twitterAppIdIphone": "828256236",
        "twitterAppUrlIphone": "medium://p/bc67fbef4fc8"
    }
}