{
    "other": {
        "baiduSiteVerification": "cNitg6enc2",
        "title": "腾讯首页",
        "keywords": "资讯,新闻,财经,房产,视频,NBA,科技,腾讯网,腾讯,QQ,Tencent",
        "description": "腾讯网从2003年创立至今，已经成为集新闻信息，区域垂直生活服务、社会化媒体资讯和产品为一体的互联网媒体平台。腾讯网下设新闻、科技、财经、娱乐、体育、汽车、时尚等多个频道，充分满足用户对不同类型资讯的需求。同时专注不同领域内容，打造精品栏目，并顺应技术发展趋势，推出网络直播等创新形式，改变了用户获取资讯的方式和习惯。",
        "shortcutIcon": "//mat1.gtimg.com/www/icon/favicon2.ico",
        "stylesheet": "//mat1.gtimg.com/www/css/qq2012/hot_word_sogou.css"
    }
}