{
    "other": {
        "dnsPrefetch": "//pixel.quantserve.com",
        "title": "Developers (feat. Steve Ballmer) by Smixx | Free Listening on SoundCloud",
        "keywords": "record, sounds, share, sound, audio, tracks, music, soundcloud",
        "referrer": "origin",
        "googleSiteVerification": "dY0CigqM8Inubs_hgrYMwk-zGchKwrvJLcvI_G8631Q",
        "viewport": "width=device-width,minimum-scale=1,maximum-scale=1,user-scalable=no",
        "fbAppId": "19507961798",
        "search": "/sc-opensearch.xml",
        "description": "Stream Developers (feat. Steve Ballmer) by Smixx from desktop or your mobile device",
        "alIosAppName": "SoundCloud",
        "alIosAppStoreId": "336353151",
        "alAndroidAppName": "SoundCloud",
        "alAndroidPackage": "com.soundcloud.android",
        "alWebShouldFallback": "false",
        "alIosUrl": "soundcloud://sounds:14032377",
        "alAndroidUrl": "soundcloud://sounds:14032377",
        "soundcloudUser": "https://soundcloud.com/smixx",
        "soundcloudPlayCount": "80300",
        "soundcloudDownloadCount": "2412",
        "soundcloudCommentsCount": "40",
        "soundcloudLikeCount": "518",
        "canonical": "https://soundcloud.com/smixx/smixx-developers-feat-steve",
        "alternate": "ios-app://336353151/soundcloud/sounds:14032377",
        "author": "/smixx",
        "applicationName": "SoundCloud",
        "msapplicationTooltip": "Launch SoundCloud",
        "msapplicationTileImage": "https://a-v2.sndcdn.com/assets/images/sc-icons/win8-2dc974a1.png",
        "msapplicationTileColor": "#ff5500",
        "msapplicationStarturl": "https://soundcloud.com",
        "icon": "https://a-v2.sndcdn.com/assets/images/sc-icons/favicon-2cadd14b.ico",
        "appleTouchIcon": "https://a-v2.sndcdn.com/assets/images/sc-icons/ios-a62dfc8f.png",
        "fluidIcon": "https://a-v2.sndcdn.com/assets/images/sc-icons/fluid-b4e7a64b.png",
        "stylesheet": "https://a-v2.sndcdn.com/assets/css/app-4f35669e.css"
    },
    "ogp": {
        "ogSiteName": "SoundCloud",
        "ogType": "music.song",
        "ogUrl": "https://soundcloud.com/smixx/smixx-developers-feat-steve",
        "ogTitle": "Developers (feat. Steve Ballmer)",
        "ogImage": [
            {
                "url": "https://i1.sndcdn.com/artworks-000006621616-ej5015-t500x500.jpg",
                "width": "500",
                "height": "500"
            }
        ],
        "ogDescription": "Here's a track I wrote years ago and dug up to finish writing.  Recorded this just to get it out there :) I'm contrasting developing music and developing software in a hardcore rap kinda way, pretty e"
    },
    "twitter": {
        "twitterSite": "SoundCloud",
        "twitterAppNameIphone": "SoundCloud",
        "twitterAppIdIphone": "336353151",
        "twitterAppNameIpad": "SoundCloud",
        "twitterAppIdIpad": "336353151",
        "twitterAppNameGoogleplay": "SoundCloud",
        "twitterAppIdGoogleplay": "com.soundcloud.android",
        "twitterTitle": "Developers (feat. Steve Ballmer)",
        "twitterDescription": "Here's a track I wrote years ago and dug up to finish writing.  Recorded this just to get it out there :) I'm contrasting developing music and developing software in a hardcore rap kinda way, pretty e",
        "twitterPlayer": [
            {
                "url": "https://w.soundcloud.com/player/?url=https%3A%2F%2Fapi.soundcloud.com%2Ftracks%2F14032377&auto_play=false&show_artwork=true&visual=true&origin=twitter",
                "height": "400",
                "width": "435"
            }
        ],
        "twitterImage": [
            {
                "url": "https://i1.sndcdn.com/artworks-000006621616-ej5015-t500x500.jpg"
            }
        ],
        "twitterCard": "player",
        "twitterAppUrlGoogleplay": "soundcloud://sounds:14032377",
        "twitterAppUrlIphone": "soundcloud://sounds:14032377",
        "twitterAppUrlIpad": "soundcloud://sounds:14032377"
    }
}