{
    "other": {
        "stylesheet": "https://abs.twimg.com/a/1529975731/css/t1/twitter_more_2.bundle.css",
        "dnsPrefetch": "https://t.co",
        "preload": "https://abs.twimg.com/k/en-gb/5.pages_permalink.en-gb.d01701ba3cce1f0d3917.js",
        "title": "Satisfying Videos on Twitter: \"… \"",
        "robots": "NOODP",
        "msapplicationTileImage": "//abs.twimg.com/favicons/win8-tile-144.png",
        "msapplicationTileColor": "#00aced",
        "maskIcon": "https://abs.twimg.com/a/1529975731/icons/favicon.svg",
        "shortcutIcon": "//abs.twimg.com/favicons/favicon.ico",
        "appleTouchIcon": "https://abs.twimg.com/icons/apple-touch-icon-192x192.png",
        "manifest": "/manifest.json",
        "swiftPageName": "permalink",
        "swiftPageSection": "permalink",
        "canonical": "https://twitter.com/ocdvids/status/856886314138042368",
        "alternate": "android-app://com.twitter.android/twitter/tweet?status_id=856886314138042368&ref_src=twsrc%5Egoogle%7Ctwcamp%5Eandroidseo%7Ctwgr%5Estatus%7Ctwterm%5E856886314138042368",
        "search": "/opensearch.xml",
        "alIosUrl": "twitter://status?id=856886314138042368",
        "alIosAppStoreId": "333903271",
        "alIosAppName": "Twitter",
        "alAndroidUrl": "twitter://status?status_id=856886314138042368",
        "alAndroidPackage": "com.twitter.android",
        "alAndroidAppName": "Twitter",
        "fbAppId": "2231777543"
    },
    "oembed": {
        "url": "https://twitter.com/ocdvids/status/856886314138042368",
        "authorName": "Satisfying Videos",
        "authorUrl": "https://twitter.com/ocdvids",
        "html": "<blockquote class=\"twitter-tweet\"><p lang=\"und\" dir=\"ltr\"><a href=\"https://t.co/3fe2eQypS4\">pic.twitter.com/3fe2eQypS4</a></p>&mdash; Satisfying Videos (@ocdvids) <a href=\"https://twitter.com/ocdvids/status/856886314138042368?ref_src=twsrc%5Etfw\">April 25, 2017</a></blockquote>\n<script async src=\"https://platform.twitter.com/widgets.js\" charset=\"utf-8\"></script>\n",
        "width": 550,
        "height": null,
        "type": "rich",
        "cacheAge": "3153600000",
        "providerName": "Twitter",
        "providerUrl": "https://twitter.com",
        "version": "1.0"
    },
    "ogp": {
        "ogType": "video",
        "ogUrl": "https://twitter.com/ocdvids/status/856886314138042368",
        "ogTitle": "Satisfying Videos on Twitter",
        "ogImage": [
            {
                "url": "https://pbs.twimg.com/ext_tw_video_thumb/856885814470492162/pu/img/qTG1UOt1G5J2wPu_.jpg"
            }
        ],
        "ogDescription": "“https://t.co/3fe2eQypS4”",
        "ogSiteName": "Twitter",
        "ogVideo": [
            {
                "url": "https://twitter.com/i/videos/856886314138042368?embed_source=facebook",
                "secureUrl": "https://twitter.com/i/videos/856886314138042368?embed_source=facebook",
                "type": "text/html",
                "width": "480",
                "height": "480"
            }
        ]
    }
}