{
    "other": {
        "wwwCore": "/yts/cssbin/www-core-vflZ7bM6S.css",
        "playerWwwPlayer": "/yts/cssbin/player-vflRgNHA2/www-player.css",
        "wwwPageframe": "/yts/cssbin/www-pageframe-vfl2QekqP.css",
        "title": "Ed Sheeran - Perfect (Official Music Video)",
        "canonical": "https://www.youtube.com/watch?v=2Vv-BfVoq4g",
        "alternate": "http://www.youtube.com/oembed?format=xml&url=https%3A%2F%2Fwww.youtube.com%2Fwatch%3Fv%3D2Vv-BfVoq4g",
        "description": "ðŸŽ§: https://ad.gt/yt-perfect ðŸ’°: https://atlanti.cr/yt-album Subscribe to Ed's channel: http://bit.ly/SubscribeToEdSheeran Follow Ed on... Facebook: http://www...",
        "keywords": "edsheeran, ed sheeran, acoustic, live, cover, official, remix, official video, lyrics, session, perfect, ed sheeran perfect",
        "manifest": "/manifest.json",
        "shortlink": "https://youtu.be/2Vv-BfVoq4g",
        "search": "https://www.youtube.com/opensearch?locale=en_GB",
        "shortcutIcon": "https://s.ytimg.com/yts/img/favicon-vfl8qSV2F.ico",
        "icon": "/yts/img/favicon_144-vfliLAfaB.png",
        "themeColor": "#ff0000",
        "alIosAppStoreId": "544007664",
        "alIosAppName": "YouTube",
        "alIosUrl": "vnd.youtube://www.youtube.com/watch?v=2Vv-BfVoq4g&feature=applinks",
        "alAndroidUrl": "vnd.youtube://www.youtube.com/watch?v=2Vv-BfVoq4g&feature=applinks",
        "alAndroidAppName": "YouTube",
        "alAndroidPackage": "com.google.android.youtube",
        "alWebUrl": "https://www.youtube.com/watch?v=2Vv-BfVoq4g&feature=applinks",
        "fbAppId": "87741124305"
    },
    "oembed": {
        "html": "<iframe width=\"480\" height=\"270\" src=\"https://www.youtube.com/embed/2Vv-BfVoq4g?feature=oembed\" frameborder=\"0\" allow=\"autoplay; encrypted-media\" allowfullscreen></iframe>",
        "thumbnailUrl": "https://i.ytimg.com/vi/2Vv-BfVoq4g/hqdefault.jpg",
        "thumbnailHeight": 360,
        "width": 480,
        "providerUrl": "https://www.youtube.com/",
        "authorUrl": "https://www.youtube.com/user/EdSheeran",
        "authorName": "Ed Sheeran",
        "version": "1.0",
        "title": "Ed Sheeran - Perfect (Official Music Video)",
        "providerName": "YouTube",
        "thumbnailWidth": 480,
        "type": "video",
        "height": 270
    },
    "ogp": {
        "ogSiteName": "YouTube",
        "ogUrl": "https://www.youtube.com/watch?v=2Vv-BfVoq4g",
        "ogTitle": "Ed Sheeran - Perfect (Official Music Video)",
        "ogImage": [
            {
                "url": "https://i.ytimg.com/vi/2Vv-BfVoq4g/hqdefault.jpg"
            }
        ],
        "ogDescription": "ðŸŽ§: https://ad.gt/yt-perfect ðŸ’°: https://atlanti.cr/yt-album Subscribe to Ed's channel: http://bit.ly/SubscribeToEdSheeran Follow Ed on... Facebook: http://www...",
        "ogType": "video.other",
        "ogVideo": [
            {
                "url": "https://www.youtube.com/embed/2Vv-BfVoq4g",
                "secureUrl": "https://www.youtube.com/embed/2Vv-BfVoq4g",
                "type": "text/html",
                "width": "1280",
                "height": "720"
            },
            {
                "tag": "ed sheeran perfect"
            },
            {
                "tag": "ed sheeran"
            },
            {
                "tag": "acoustic"
            },
            {
                "tag": "live"
            },
            {
                "tag": "cover"
            },
            {
                "url": "http://www.youtube.com/v/2Vv-BfVoq4g?version=3&autohide=1",
                "secureUrl": "https://www.youtube.com/v/2Vv-BfVoq4g?version=3&autohide=1",
                "type": "application/x-shockwave-flash",
                "width": "1280",
                "height": "720",
                "tag": "edsheeran"
            },
            {
                "tag": "remix"
            },
            {
                "tag": "official video"
            },
            {
                "tag": "lyrics"
            },
            {
                "tag": "session"
            },
            {
                "tag": "perfect"
            },
            {
                "tag": "official"
            }
        ]
    },
    "twitter": {
        "twitterCard": "player",
        "twitterSite": "@youtube",
        "twitterUrl": "https://www.youtube.com/watch?v=2Vv-BfVoq4g",
        "twitterTitle": "Ed Sheeran - Perfect (Official Music Video)",
        "twitterDescription": "ðŸŽ§: https://ad.gt/yt-perfect ðŸ’°: https://atlanti.cr/yt-album Subscribe to Ed's channel: http://bit.ly/SubscribeToEdSheeran Follow Ed on... Facebook: http://www...",
        "twitterImage": [
            {
                "url": "https://i.ytimg.com/vi/2Vv-BfVoq4g/hqdefault.jpg"
            }
        ],
        "twitterAppNameIphone": "YouTube",
        "twitterAppIdIphone": "544007664",
        "twitterAppNameIpad": "YouTube",
        "twitterAppIdIpad": "544007664",
        "twitterAppUrlIphone": "vnd.youtube://www.youtube.com/watch?v=2Vv-BfVoq4g&feature=applinks",
        "twitterAppUrlIpad": "vnd.youtube://www.youtube.com/watch?v=2Vv-BfVoq4g&feature=applinks",
        "twitterAppNameGoogleplay": "YouTube",
        "twitterAppIdGoogleplay": "com.google.android.youtube",
        "twitterAppUrlGoogleplay": "https://www.youtube.com/watch?v=2Vv-BfVoq4g",
        "twitterPlayer": [
            {
                "url": "https://www.youtube.com/embed/2Vv-BfVoq4g",
                "width": "1280",
                "height": "720"
            }
        ]
    }
}